// Vitest Snapshot v1, https://vitest.dev/guide/snapshot.html

exports[`RetryState > should render retry state 1`] = `
<div>
  <div
    class="upload-txn-modal"
  >
    <div
      class="expandable-modal"
    >
      <div
        class="content"
      >
        <h4
          class="retry-modal-heading"
        >
          0
           out of
           
          0
           uploads remaining
        </h4>
      </div>
      <div
        class="actions"
      >
        <button
          class="MuiButtonBase-root MuiButton-root MuiButton-contained MuiButton-containedPrimary MuiButton-sizeMedium MuiButton-containedSizeMedium MuiButton-colorPrimary MuiButton-root MuiButton-contained MuiButton-containedPrimary MuiButton-sizeMedium MuiButton-containedSizeMedium MuiButton-colorPrimary contained-btn css-74d805-MuiButtonBase-root-MuiButton-root"
          tabindex="0"
          type="button"
        >
          Retry
        </button>
        <button
          class="MuiButtonBase-root MuiButton-root MuiButton-text MuiButton-textPrimary MuiButton-sizeMedium MuiButton-textSizeMedium MuiButton-colorPrimary MuiButton-root MuiButton-text MuiButton-textPrimary MuiButton-sizeMedium MuiButton-textSizeMedium MuiButton-colorPrimary text-btn css-1uent87-MuiButtonBase-root-MuiButton-root"
          style="margin-left: 0.5em;"
          tabindex="0"
          type="button"
        >
          Show more
        </button>
      </div>
      <div
        class="expandable-content"
      >
        <div
          class="collapsable-media-items"
        />
      </div>
    </div>
  </div>
</div>
`;
